matrix:
    include:
        -
            php: 7.4
            env: DUPLICATE_CODE_CHECK=1
before_script:
    - 'if [[ $DUPLICATE_CODE_CHECK ]]; then sudo apt remove -y nodejs && curl -sL https://deb.nodesource.com/setup_14.x -o nodesource_setup.sh && sudo bash nodesource_setup.sh && sudo apt install -y build-essential nodejs && which npm && npm install jscpd@3.2.1  ;fi'
script:
    - 'if [[ $DUPLICATE_CODE_CHECK ]]; then node_modules/jscpd/bin/jscpd src && node_modules/jscpd/bin/jscpd tests ; fi'
