matrix:
    include:
        -
            php: 7.4
            env: LINT_CHECK=1
script:
    - 'if [[ $LINT_CHECK ]]; then vendor/bin/parallel-lint src/ tests/ ; fi'
