language: php
matrix:
    include:
        -
            php: 7.1
            env: PHPUNIT_TEST=1
        -
            php: 7.2
            env: PHPUNIT_COVERAGE_TEST=1
        -
            php: 7.3
            env: PHPUNIT_TEST=1
        -
            php: 7.4
            env: PHPUNIT_TEST=1
        -
            php: 7.4
            env: PSALM_TEST=1
before_script:
    - 'composer validate'
install:
    - 'composer global require hirak/prestissimo'
    - 'composer install --prefer-dist'
script:
    - 'if [[ $PHPUNIT_TEST ]]; then vendor/bin/phpunit -d memory_limit=4G  tests/; fi'
    - 'if [[ $PHPUNIT_COVERAGE_TEST ]]; then phpdbg -qrr vendor/bin/phpunit -d memory_limit=4G --coverage-clover=coverage.xml   tests/   ; fi'
    - 'if [[ $PSALM_TEST ]]; then ./vendor/bin/psalm --show-info=true ; fi'
after_script:
    - 'if [[ $PHPUNIT_COVERAGE_TEST ]]; then bash <(curl -s https://codecov.io/bash) -f coverage.xml; fi'
